Write test @ 17633ms
